// Jest Snapshot v1, https://goo.gl/fbAQLP

exports[`should render FavoriteMovies correctly 1`] = `
<MoviesList
  movies={Array []}
  onRemoveFromFavorits={[Function]}
/>
`;
