// Jest Snapshot v1, https://goo.gl/fbAQLP

exports[`should render MoviesList correctly 1`] = `<div />`;
