// Jest Snapshot v1, https://goo.gl/fbAQLP

exports[`should render MovieDetailsScreen correctly 1`] = `
<div>
  <MoviePoster
    size="full"
  />
  <ul />
  <p />
</div>
`;
