// Jest Snapshot v1, https://goo.gl/fbAQLP

exports[`should render SearchInput correctly 1`] = `
<form
  onSubmit={[Function]}
>
  <input
    onChange={[Function]}
    type="text"
    value="test"
  />
  <button
    disabled={false}
    type="submit"
  >
    Search
  </button>
</form>
`;
