// Jest Snapshot v1, https://goo.gl/fbAQLP

exports[`should render ToggleFav correctly 1`] = `
<ToggleFavComponent
  favorite={false}
/>
`;
